// Jest Snapshot v1, https://goo.gl/fbAQLP

exports[`errors errors matches snapshot of errors 1`] = `
Object {
  "EMISSINGWXWORKWEBHOOKURL": [Function],
}
`;

exports[`errors errors matches snapshot of errors 2`] = `
Object {
  "details": "A wxwork webhook URL is required to post updates to a channel. Ensure you have the environment variable WXWORK_WEBHOOK_URL set appropriately and try again",
  "message": "Missing Wxwork Webhook Url",
}
`;
